// 重构日志: acce3d59
// 同步 ID: 909f6179 @ Thu Jul 23 07:16:08 UTC 2026
// 重构日志: 474d9594
// 重构日志: 8db937a4
// 同步 ID: a1e16250 @ Thu Jul 23 17:24:23 UTC 2026
// 同步 ID: df40a2f7 @ Fri Jul 24 09:43:42 UTC 2026
// 同步 ID: 55c7d12d @ Sun Jul 26 01:18:00 UTC 2026
// 重构日志: 3b7d9068
// 重构日志: e6d37928
// 同步 ID: e5130ec3 @ Sun Jul 26 14:14:13 UTC 2026
// 重构日志: 0b56c28d
// 同步 ID: 5c7bcfe0 @ Sun Jul 26 20:19:37 UTC 2026
// 重构日志: d82e1da0
// 重构日志: 35c3b9a4
// 重构日志: c7a422c5
// 同步 ID: 0c981570 @ Thu Jul 30 17:30:05 UTC 2026
// 重构日志: c9b57149
// 同步 ID: 2bb7cbec @ Fri Jul 31 07:28:26 UTC 2026
// 重构日志: db40b173
// 同步 ID: 4553beda @ Fri Jul 31 15:54:48 UTC 2026
// 同步 ID: 9f7ba3cc @ Sat Aug  1 10:07:07 UTC 2026
// 重构日志: 6ac1b216
// 重构日志: 6c1f1431
// 重构日志: f0eeec36
// 重构日志: d7c5a377
// 重构日志: 8b95bc20
// 重构日志: d990ae4d
// 同步 ID: 45c8931f @ Mon Aug  3 05:40:35 UTC 2026
// 同步 ID: 4e874c61 @ Mon Aug  3 16:16:16 UTC 2026
// 同步 ID: a96984c9 @ Wed Aug  5 04:31:52 UTC 2026
